// Jest Snapshot v1, https://goo.gl/fbAQLP

exports[`FormTemplate.vue renders 1`] = `
<div
  class="form"
>
  <formgroup-stub
    errorfields=""
  />
   
  <div
    class="form__submit"
  >
    
    Sign In
  
  </div>
</div>
`;
